No syntax errors detected in /private/tmp/tsutsuura-appstore-review-safety/server/bin/http-contract-test.php
No syntax errors detected in /private/tmp/tsutsuura-appstore-review-safety/server/bin/send-push.php
No syntax errors detected in /private/tmp/tsutsuura-appstore-review-safety/server/bin/cleanup.php
No syntax errors detected in /private/tmp/tsutsuura-appstore-review-safety/server/bin/migrate.php
No syntax errors detected in /private/tmp/tsutsuura-appstore-review-safety/server/bin/send-event-notifications.php
No syntax errors detected in /private/tmp/tsutsuura-appstore-review-safety/server/bin/email-auth-test.php
No syntax errors detected in /private/tmp/tsutsuura-appstore-review-safety/server/bin/question-schedule-test.php
No syntax errors detected in /private/tmp/tsutsuura-appstore-review-safety/server/bin/content-safety-test.php
No syntax errors detected in /private/tmp/tsutsuura-appstore-review-safety/server/bin/moderate-content.php
No syntax errors detected in /private/tmp/tsutsuura-appstore-review-safety/server/bin/send-question-reminders.php
No syntax errors detected in /private/tmp/tsutsuura-appstore-review-safety/server/bin/transaction-race-test.php
No syntax errors detected in /private/tmp/tsutsuura-appstore-review-safety/server/bin/smoke-test.php
No syntax errors detected in /private/tmp/tsutsuura-appstore-review-safety/server/bin/migration-resume-test.php
No syntax errors detected in /private/tmp/tsutsuura-appstore-review-safety/server/bin/verify-release.php
No syntax errors detected in /private/tmp/tsutsuura-appstore-review-safety/server/bin/event-notification-test.php
No syntax errors detected in /private/tmp/tsutsuura-appstore-review-safety/server/public/index.php
No syntax errors detected in /private/tmp/tsutsuura-appstore-review-safety/server/src/Autoload.php
No syntax errors detected in /private/tmp/tsutsuura-appstore-review-safety/server/src/App/AppService.php
No syntax errors detected in /private/tmp/tsutsuura-appstore-review-safety/server/src/App/ModerationService.php
No syntax errors detected in /private/tmp/tsutsuura-appstore-review-safety/server/src/App/DailyQuestionSchedule.php
No syntax errors detected in /private/tmp/tsutsuura-appstore-review-safety/server/src/App/ContentSafety.php
No syntax errors detected in /private/tmp/tsutsuura-appstore-review-safety/server/src/App/FamilySetupService.php
No syntax errors detected in /private/tmp/tsutsuura-appstore-review-safety/server/src/App/LifecycleService.php
No syntax errors detected in /private/tmp/tsutsuura-appstore-review-safety/server/src/App/AnswerMediaService.php
No syntax errors detected in /private/tmp/tsutsuura-appstore-review-safety/server/src/Security/Crypto.php
No syntax errors detected in /private/tmp/tsutsuura-appstore-review-safety/server/src/Security/RateLimiter.php
No syntax errors detected in /private/tmp/tsutsuura-appstore-review-safety/server/src/Security/ClientIp.php
No syntax errors detected in /private/tmp/tsutsuura-appstore-review-safety/server/src/Auth/OtpService.php
No syntax errors detected in /private/tmp/tsutsuura-appstore-review-safety/server/src/Auth/SmsSender.php
No syntax errors detected in /private/tmp/tsutsuura-appstore-review-safety/server/src/Auth/TwilioSmsSender.php
No syntax errors detected in /private/tmp/tsutsuura-appstore-review-safety/server/src/Auth/LogSmsSender.php
No syntax errors detected in /private/tmp/tsutsuura-appstore-review-safety/server/src/Auth/DisabledSmsSender.php
No syntax errors detected in /private/tmp/tsutsuura-appstore-review-safety/server/src/Auth/NativeEmailSender.php
No syntax errors detected in /private/tmp/tsutsuura-appstore-review-safety/server/src/Auth/LogEmailSender.php
No syntax errors detected in /private/tmp/tsutsuura-appstore-review-safety/server/src/Auth/EmailOtpService.php
No syntax errors detected in /private/tmp/tsutsuura-appstore-review-safety/server/src/Auth/SessionService.php
No syntax errors detected in /private/tmp/tsutsuura-appstore-review-safety/server/src/Auth/OtpMutationReceipts.php
No syntax errors detected in /private/tmp/tsutsuura-appstore-review-safety/server/src/Auth/Presenter.php
No syntax errors detected in /private/tmp/tsutsuura-appstore-review-safety/server/src/Auth/PhoneNumber.php
No syntax errors detected in /private/tmp/tsutsuura-appstore-review-safety/server/src/Auth/EmailAddress.php
No syntax errors detected in /private/tmp/tsutsuura-appstore-review-safety/server/src/Auth/DisabledEmailSender.php
No syntax errors detected in /private/tmp/tsutsuura-appstore-review-safety/server/src/Auth/EmailSender.php
No syntax errors detected in /private/tmp/tsutsuura-appstore-review-safety/server/src/Auth/UserService.php
No syntax errors detected in /private/tmp/tsutsuura-appstore-review-safety/server/src/Database.php
No syntax errors detected in /private/tmp/tsutsuura-appstore-review-safety/server/src/Env.php
No syntax errors detected in /private/tmp/tsutsuura-appstore-review-safety/server/src/Config.php
No syntax errors detected in /private/tmp/tsutsuura-appstore-review-safety/server/src/Push/PushDeliveryService.php
No syntax errors detected in /private/tmp/tsutsuura-appstore-review-safety/server/src/Push/DeterministicPushProvider.php
No syntax errors detected in /private/tmp/tsutsuura-appstore-review-safety/server/src/Push/PushProvider.php
No syntax errors detected in /private/tmp/tsutsuura-appstore-review-safety/server/src/Push/EventNotificationService.php
No syntax errors detected in /private/tmp/tsutsuura-appstore-review-safety/server/src/Push/ApnsPushProvider.php
No syntax errors detected in /private/tmp/tsutsuura-appstore-review-safety/server/src/Push/LogPushProvider.php
No syntax errors detected in /private/tmp/tsutsuura-appstore-review-safety/server/src/Push/EventNotificationWorker.php
No syntax errors detected in /private/tmp/tsutsuura-appstore-review-safety/server/src/Push/QuestionReminderScheduler.php
No syntax errors detected in /private/tmp/tsutsuura-appstore-review-safety/server/src/Http/Response.php
No syntax errors detected in /private/tmp/tsutsuura-appstore-review-safety/server/src/Http/Request.php
No syntax errors detected in /private/tmp/tsutsuura-appstore-review-safety/server/src/Http/ApiException.php
No syntax errors detected in /private/tmp/tsutsuura-appstore-review-safety/server/src/Http/UploadedFile.php
No syntax errors detected in /private/tmp/tsutsuura-appstore-review-safety/server/src/Http/Router.php
